1 200 17125
2 200 14252
3 200 16374
4 200 15110
5 200 15733
6 200 15710
7 200 17363
8 200 29818
9 200 15626
10 200 48805
11 200 45954
12 200 84420
13 200 46755
14 200 64021
15 200 48983
16 200 46203
17 200 46059
18 200 49832
19 200 80837
20 200 80008
21 200 50197
22 200 53661
23 200 48812
24 200 48622
25 200 48412
26 200 48571
27 200 44902
28 200 57019
29 200 48668
30 200 48612
31 200 47786
32 200 51472
33 200 47302
34 200 49389
35 200 47557
36 200 52994
37 200 52098
38 200 93054
39 200 59705
40 200 47278
41 200 48878
42 200 49034
43 200 52141
44 200 50955
45 200 48433
46 200 48563
47 200 48696
48 200 47338
49 200 49019
50 200 49411
51 200 49166
52 200 48429
53 200 55848
54 200 48779
55 200 51040
56 200 48877
57 200 48135
58 200 48431
59 200 49991
60 200 52620
61 200 50041
62 200 50898
63 200 50059
64 200 51962
65 200 64264
66 200 52325
67 200 49970
68 200 46713
69 200 48011
70 200 48761
71 200 53968
72 200 47939
73 200 54430
74 200 45826
75 200 50363
76 200 50558
77 200 51032
78 200 50277
79 200 57356
80 200 46111
81 200 51583
82 200 45094
83 200 45490
84 200 48982
85 200 47930
86 200 46892
87 200 48212
88 200 49733
89 200 48760
90 200 48538
91 200 48581
92 200 49670
93 200 45766
94 200 59603
95 200 45913
96 200 54106
97 200 93166
98 200 47585
99 200 48161
100 200 50903
101 200 53371
102 200 57065
103 200 51904
104 200 50293
105 200 49198
106 200 49765
107 200 48048
108 200 49817
109 200 47922
110 200 53344
111 200 47182
112 200 48577
113 200 47317
114 200 51940
115 200 46802
116 200 48190
117 200 50029
118 200 56303
119 200 60016
120 200 50876
121 200 48171
122 200 49255
123 200 47698
124 200 46705
125 200 49265
126 200 53961
127 200 49295
128 200 48749
129 200 48874
130 200 52524
131 200 45669
132 200 45908
133 200 48262
134 200 48152
135 200 49463
136 200 46194
137 200 48504
138 200 51771
139 200 96746
140 200 48791
141 200 59284
142 200 71731
143 200 65146
144 200 80488
145 200 49967
146 200 50777
147 200 54065
148 200 48015
149 200 53870
150 200 47203
DONE
